[pongoos-build] canonical self-log: evidence/builds/pongoos_e98323f8_20260929.log
[pongoos-build] clang: Ubuntu clang version 18.1.3 (1ubuntu1)
[pongoos-build] LLVM version enforcement OK: clang=18 libLTO=/usr/lib/llvm-18/lib/libLTO.so.18.1 llvm-ar=/usr/lib/llvm-18/bin/llvm-ar
[pongoos-build] upstream clone present at /home/potato/grafene/pomme/upstream/pongoOS-palera1n
[pongoos-build] upstream HEAD verified: e98323f8a09abd80fc4cbcd74dee023b91a1ec22
[pongoos-build] newlib submodule verified: f9ea5054de8fb51dff6f6d3c2e7cdd4aa89744b8
[pongoos-build] no patches in /home/potato/grafene/pomme/patches/pongoos (none currently)
[pongoos-build] deb cached + verified: /home/potato/toolchains/checkra1n-cctools/debs/ld64_530-2_amd64.deb
[pongoos-build] deb cached + verified: /home/potato/toolchains/checkra1n-cctools/debs/cctools-strip_949.0.1-2_amd64.deb
[pongoos-build] shimmed llvm-ar/llvm-ranlib from llvm-18 prefix (/usr/lib/llvm-18/bin)
[pongoos-build] libLTO wiring: soname shim /home/potato/toolchains/checkra1n-cctools/lto/libLTO.so -> /usr/lib/llvm-18/lib/libLTO.so.18.1 (+ path link for source-built ld64)
[pongoos-build] PATH head: /usr/bin | ld64: /home/potato/toolchains/checkra1n-cctools/root/usr/bin/ld64 | strip: /home/potato/toolchains/checkra1n-cctools/shim/strip
[pongoos-build] running make (PONGO_VERSION string embeds git rev; expect 2.6.3-e98323f8)
make[1]: Entering directory '/home/potato/grafene/pomme/upstream/pongoOS-palera1n'
make -C newlib all
make[2]: Entering directory '/home/potato/grafene/pomme/upstream/pongoOS-palera1n/newlib'
make -C build all
make[3]: Entering directory '/home/potato/grafene/pomme/upstream/pongoOS-palera1n/newlib/build'
make "AR_FLAGS=rc" "CC_FOR_BUILD=gcc" "CFLAGS=--target=arm64-apple-ios12.0 -std=gnu17 -Wall -Os -flto -moutline -ffreestanding -nostdlibinc -fno-blocks -U__nonnull -D_LDBL_EQ_DBL -DABORT_PROVIDED -DGETREENT_PROVIDED -DREENTRANT_SYSCALLS_PROVIDED -D__DYNAMIC_REENT__  " "CCASFLAGS=--target=arm64-apple-ios12.0 -std=gnu17 -Wall -Os -flto -moutline -ffreestanding -nostdlibinc -fno-blocks -U__nonnull -D_LDBL_EQ_DBL -DABORT_PROVIDED -DGETREENT_PROVIDED -DREENTRANT_SYSCALLS_PROVIDED -D__DYNAMIC_REENT__  " "CFLAGS_FOR_BUILD=" "CFLAGS_FOR_TARGET=" "INSTALL=/usr/bin/install -c" "LDFLAGS=" "LIBCFLAGS=" "LIBCFLAGS_FOR_TARGET=" "MAKE=make" "MAKEINFO=/bin/bash /home/potato/grafene/pomme/upstream/pongoOS-palera1n/newlib/src/missing --run makeinfo " "PICFLAG=" "PICFLAG_FOR_TARGET=" "SHELL=/bin/bash" "EXPECT=`if test -f ./../expect/expect; then echo ./../expect/expect; else echo expect; fi`" "RUNTEST=`if test -f ../src/newlib/../dejagnu/runtest; then echo ../src/newlib/../dejagnu/runtest; else echo runtest; fi`" "RUNTESTFLAGS=" "exec_prefix=/home/potato/grafene/pomme/upstream/pongoOS-palera1n/newlib" "infodir=/home/potato/grafene/pomme/upstream/pongoOS-palera1n/newlib/share/info" "libdir=/home/potato/grafene/pomme/upstream/pongoOS-palera1n/newlib/lib" "prefix=/home/potato/grafene/pomme/upstream/pongoOS-palera1n/newlib" "tooldir=/home/potato/grafene/pomme/upstream/pongoOS-palera1n/newlib/aarch64-none-darwin" "top_toollibdir=/home/potato/grafene/pomme/upstream/pongoOS-palera1n/newlib/aarch64-none-darwin/lib" "AR=llvm-ar" "AS=as" "CC=clang -I/home/potato/grafene/pomme/upstream/pongoOS-palera1n/newlib/build/targ-include -I/home/potato/grafene/pomme/upstream/pongoOS-palera1n/newlib/src/newlib/libc/include" "LD=" "LIBCFLAGS=" "NM=" "PICFLAG=" "RANLIB=llvm-ranlib" "DESTDIR=" all-recursive
make[4]: Entering directory '/home/potato/grafene/pomme/upstream/pongoOS-palera1n/newlib/build'
true "AR_FLAGS=rc" "CC_FOR_BUILD=gcc" "CFLAGS=--target=arm64-apple-ios12.0 -std=gnu17 -Wall -Os -flto -moutline -ffreestanding -nostdlibinc -fno-blocks -U__nonnull -D_LDBL_EQ_DBL -DABORT_PROVIDED -DGETREENT_PROVIDED -DREENTRANT_SYSCALLS_PROVIDED -D__DYNAMIC_REENT__  " "CCASFLAGS=--target=arm64-apple-ios12.0 -std=gnu17 -Wall -Os -flto -moutline -ffreestanding -nostdlibinc -fno-blocks -U__nonnull -D_LDBL_EQ_DBL -DABORT_PROVIDED -DGETREENT_PROVIDED -DREENTRANT_SYSCALLS_PROVIDED -D__DYNAMIC_REENT__  " "CFLAGS_FOR_BUILD=" "CFLAGS_FOR_TARGET=" "INSTALL=/usr/bin/install -c" "LDFLAGS=" "LIBCFLAGS=" "LIBCFLAGS_FOR_TARGET=" "MAKE=make" "MAKEINFO=/bin/bash /home/potato/grafene/pomme/upstream/pongoOS-palera1n/newlib/src/missing --run makeinfo  " "PICFLAG=" "PICFLAG_FOR_TARGET=" "SHELL=/bin/bash" "EXPECT=expect" "RUNTEST=runtest" "RUNTESTFLAGS=" "exec_prefix=/home/potato/grafene/pomme/upstream/pongoOS-palera1n/newlib" "infodir=/home/potato/grafene/pomme/upstream/pongoOS-palera1n/newlib/share/info" "libdir=/home/potato/grafene/pomme/upstream/pongoOS-palera1n/newlib/lib" "prefix=/home/potato/grafene/pomme/upstream/pongoOS-palera1n/newlib" "tooldir=/home/potato/grafene/pomme/upstream/pongoOS-palera1n/newlib/aarch64-none-darwin" "top_toollibdir=/home/potato/grafene/pomme/upstream/pongoOS-palera1n/newlib/aarch64-none-darwin/lib" "AR=llvm-ar" "AS=as" "CC=clang -I/home/potato/grafene/pomme/upstream/pongoOS-palera1n/newlib/build/targ-include -I/home/potato/grafene/pomme/upstream/pongoOS-palera1n/newlib/src/newlib/libc/include" "LD=" "LIBCFLAGS=" "NM=" "PICFLAG=" "RANLIB=llvm-ranlib" "DESTDIR=" DO=all multi-do # make
Making all in libc
make[5]: Entering directory '/home/potato/grafene/pomme/upstream/pongoOS-palera1n/newlib/build/libc'
Making all in argz
make[6]: Entering directory '/home/potato/grafene/pomme/upstream/pongoOS-palera1n/newlib/build/libc/argz'
make[6]: Nothing to be done for 'all'.
make[6]: Leaving directory '/home/potato/grafene/pomme/upstream/pongoOS-palera1n/newlib/build/libc/argz'
Making all in stdlib
make[6]: Entering directory '/home/potato/grafene/pomme/upstream/pongoOS-palera1n/newlib/build/libc/stdlib'
make[6]: Nothing to be done for 'all'.
make[6]: Leaving directory '/home/potato/grafene/pomme/upstream/pongoOS-palera1n/newlib/build/libc/stdlib'
Making all in ctype
make[6]: Entering directory '/home/potato/grafene/pomme/upstream/pongoOS-palera1n/newlib/build/libc/ctype'
make[6]: Nothing to be done for 'all'.
make[6]: Leaving directory '/home/potato/grafene/pomme/upstream/pongoOS-palera1n/newlib/build/libc/ctype'
Making all in search
make[6]: Entering directory '/home/potato/grafene/pomme/upstream/pongoOS-palera1n/newlib/build/libc/search'
make[6]: Nothing to be done for 'all'.
make[6]: Leaving directory '/home/potato/grafene/pomme/upstream/pongoOS-palera1n/newlib/build/libc/search'
Making all in stdio
make[6]: Entering directory '/home/potato/grafene/pomme/upstream/pongoOS-palera1n/newlib/build/libc/stdio'
make[6]: Nothing to be done for 'all'.
make[6]: Leaving directory '/home/potato/grafene/pomme/upstream/pongoOS-palera1n/newlib/build/libc/stdio'
Making all in string
make[6]: Entering directory '/home/potato/grafene/pomme/upstream/pongoOS-palera1n/newlib/build/libc/string'
make[6]: Nothing to be done for 'all'.
make[6]: Leaving directory '/home/potato/grafene/pomme/upstream/pongoOS-palera1n/newlib/build/libc/string'
Making all in signal
make[6]: Entering directory '/home/potato/grafene/pomme/upstream/pongoOS-palera1n/newlib/build/libc/signal'
make[6]: Nothing to be done for 'all'.
make[6]: Leaving directory '/home/potato/grafene/pomme/upstream/pongoOS-palera1n/newlib/build/libc/signal'
Making all in time
make[6]: Entering directory '/home/potato/grafene/pomme/upstream/pongoOS-palera1n/newlib/build/libc/time'
make[6]: Nothing to be done for 'all'.
make[6]: Leaving directory '/home/potato/grafene/pomme/upstream/pongoOS-palera1n/newlib/build/libc/time'
Making all in locale
make[6]: Entering directory '/home/potato/grafene/pomme/upstream/pongoOS-palera1n/newlib/build/libc/locale'
make[6]: Nothing to be done for 'all'.
make[6]: Leaving directory '/home/potato/grafene/pomme/upstream/pongoOS-palera1n/newlib/build/libc/locale'
Making all in sys
make[6]: Entering directory '/home/potato/grafene/pomme/upstream/pongoOS-palera1n/newlib/build/libc/sys'
Making all in .
make[7]: Entering directory '/home/potato/grafene/pomme/upstream/pongoOS-palera1n/newlib/build/libc/sys'
make[7]: Nothing to be done for 'all-am'.
make[7]: Leaving directory '/home/potato/grafene/pomme/upstream/pongoOS-palera1n/newlib/build/libc/sys'
make[6]: Leaving directory '/home/potato/grafene/pomme/upstream/pongoOS-palera1n/newlib/build/libc/sys'
Making all in reent
make[6]: Entering directory '/home/potato/grafene/pomme/upstream/pongoOS-palera1n/newlib/build/libc/reent'
make[6]: Nothing to be done for 'all'.
make[6]: Leaving directory '/home/potato/grafene/pomme/upstream/pongoOS-palera1n/newlib/build/libc/reent'
Making all in errno
make[6]: Entering directory '/home/potato/grafene/pomme/upstream/pongoOS-palera1n/newlib/build/libc/errno'
make[6]: Nothing to be done for 'all'.
make[6]: Leaving directory '/home/potato/grafene/pomme/upstream/pongoOS-palera1n/newlib/build/libc/errno'
Making all in misc
make[6]: Entering directory '/home/potato/grafene/pomme/upstream/pongoOS-palera1n/newlib/build/libc/misc'
make[6]: Nothing to be done for 'all'.
make[6]: Leaving directory '/home/potato/grafene/pomme/upstream/pongoOS-palera1n/newlib/build/libc/misc'
Making all in machine
make[6]: Entering directory '/home/potato/grafene/pomme/upstream/pongoOS-palera1n/newlib/build/libc/machine'
Making all in aarch64
make[7]: Entering directory '/home/potato/grafene/pomme/upstream/pongoOS-palera1n/newlib/build/libc/machine/aarch64'
make[7]: Nothing to be done for 'all'.
make[7]: Leaving directory '/home/potato/grafene/pomme/upstream/pongoOS-palera1n/newlib/build/libc/machine/aarch64'
Making all in .
make[7]: Entering directory '/home/potato/grafene/pomme/upstream/pongoOS-palera1n/newlib/build/libc/machine'
make[7]: Nothing to be done for 'all-am'.
make[7]: Leaving directory '/home/potato/grafene/pomme/upstream/pongoOS-palera1n/newlib/build/libc/machine'
make[6]: Leaving directory '/home/potato/grafene/pomme/upstream/pongoOS-palera1n/newlib/build/libc/machine'
Making all in syscalls
make[6]: Entering directory '/home/potato/grafene/pomme/upstream/pongoOS-palera1n/newlib/build/libc/syscalls'
make[6]: Nothing to be done for 'all'.
make[6]: Leaving directory '/home/potato/grafene/pomme/upstream/pongoOS-palera1n/newlib/build/libc/syscalls'
Making all in ssp
make[6]: Entering directory '/home/potato/grafene/pomme/upstream/pongoOS-palera1n/newlib/build/libc/ssp'
make[6]: Nothing to be done for 'all'.
make[6]: Leaving directory '/home/potato/grafene/pomme/upstream/pongoOS-palera1n/newlib/build/libc/ssp'
Making all in .
make[6]: Entering directory '/home/potato/grafene/pomme/upstream/pongoOS-palera1n/newlib/build/libc'
make[6]: Nothing to be done for 'all-am'.
make[6]: Leaving directory '/home/potato/grafene/pomme/upstream/pongoOS-palera1n/newlib/build/libc'
make[5]: Leaving directory '/home/potato/grafene/pomme/upstream/pongoOS-palera1n/newlib/build/libc'
Making all in libm
make[5]: Entering directory '/home/potato/grafene/pomme/upstream/pongoOS-palera1n/newlib/build/libm'
Making all in math
make[6]: Entering directory '/home/potato/grafene/pomme/upstream/pongoOS-palera1n/newlib/build/libm/math'
make[6]: Nothing to be done for 'all'.
make[6]: Leaving directory '/home/potato/grafene/pomme/upstream/pongoOS-palera1n/newlib/build/libm/math'
Making all in common
make[6]: Entering directory '/home/potato/grafene/pomme/upstream/pongoOS-palera1n/newlib/build/libm/common'
make[6]: Nothing to be done for 'all'.
make[6]: Leaving directory '/home/potato/grafene/pomme/upstream/pongoOS-palera1n/newlib/build/libm/common'
Making all in complex
make[6]: Entering directory '/home/potato/grafene/pomme/upstream/pongoOS-palera1n/newlib/build/libm/complex'
make[6]: Nothing to be done for 'all'.
make[6]: Leaving directory '/home/potato/grafene/pomme/upstream/pongoOS-palera1n/newlib/build/libm/complex'
Making all in fenv
make[6]: Entering directory '/home/potato/grafene/pomme/upstream/pongoOS-palera1n/newlib/build/libm/fenv'
make[6]: Nothing to be done for 'all'.
make[6]: Leaving directory '/home/potato/grafene/pomme/upstream/pongoOS-palera1n/newlib/build/libm/fenv'
Making all in machine
make[6]: Entering directory '/home/potato/grafene/pomme/upstream/pongoOS-palera1n/newlib/build/libm/machine'
Making all in aarch64
make[7]: Entering directory '/home/potato/grafene/pomme/upstream/pongoOS-palera1n/newlib/build/libm/machine/aarch64'
make[7]: Nothing to be done for 'all'.
make[7]: Leaving directory '/home/potato/grafene/pomme/upstream/pongoOS-palera1n/newlib/build/libm/machine/aarch64'
Making all in .
make[7]: Entering directory '/home/potato/grafene/pomme/upstream/pongoOS-palera1n/newlib/build/libm/machine'
make[7]: Nothing to be done for 'all-am'.
make[7]: Leaving directory '/home/potato/grafene/pomme/upstream/pongoOS-palera1n/newlib/build/libm/machine'
make[6]: Leaving directory '/home/potato/grafene/pomme/upstream/pongoOS-palera1n/newlib/build/libm/machine'
make[6]: Entering directory '/home/potato/grafene/pomme/upstream/pongoOS-palera1n/newlib/build/libm'
make[6]: Nothing to be done for 'all-am'.
make[6]: Leaving directory '/home/potato/grafene/pomme/upstream/pongoOS-palera1n/newlib/build/libm'
make[5]: Leaving directory '/home/potato/grafene/pomme/upstream/pongoOS-palera1n/newlib/build/libm'
Making all in doc
make[5]: Entering directory '/home/potato/grafene/pomme/upstream/pongoOS-palera1n/newlib/build/doc'
make[5]: Nothing to be done for 'all'.
make[5]: Leaving directory '/home/potato/grafene/pomme/upstream/pongoOS-palera1n/newlib/build/doc'
Making all in .
make[5]: Entering directory '/home/potato/grafene/pomme/upstream/pongoOS-palera1n/newlib/build'
make[5]: Leaving directory '/home/potato/grafene/pomme/upstream/pongoOS-palera1n/newlib/build'
make[4]: Leaving directory '/home/potato/grafene/pomme/upstream/pongoOS-palera1n/newlib/build'
make[3]: Leaving directory '/home/potato/grafene/pomme/upstream/pongoOS-palera1n/newlib/build'
make[2]: Leaving directory '/home/potato/grafene/pomme/upstream/pongoOS-palera1n/newlib'
make[1]: Leaving directory '/home/potato/grafene/pomme/upstream/pongoOS-palera1n'
[pongoos-build] provenance preserved (shipped bytes unchanged): /home/potato/grafene/pomme/artifacts/pongoos/provenance.json
[pongoos-build] artifacts installed to /home/potato/grafene/pomme/artifacts/pongoos
22eec6e4ae31d44d67ff776c3ae78d917932f6c8b8a8cdd385041509707413c6  Pongo.bin
dc07683622c85553e37ad8eacc3b3fb23427870763786259c41dcf71b7975566  Pongo.macho
ac51d00ea85dc3865c62349abff721bff5f57507b915ecfd4561d8afc7a03b79  checkra1n-kpf-pongo.macho
[pongoos-build] data  <= Pongo.bin (238096 bytes)
[pongoos-build] Mach-O 64-bit arm64 preload executable, flags:<NOUNDEFS>  <= Pongo.macho (339384 bytes)
[pongoos-build] Mach-O 64-bit arm64 kext bundle, flags:<NOUNDEFS|DYLDLINK|TWOLEVEL>  <= checkra1n-kpf-pongo.macho (127828 bytes)
[pongoos-build] OK
